// Jest Snapshot v1, https://goo.gl/fbAQLP

exports[`Should ReviewsColumn render correctly 1`] = `
<div
  className="movie-card__reviews-col"
>
  <div
    className="review"
  >
    <blockquote
      className="review__quote"
    >
      <p
        className="review__text"
      >
        text
      </p>
      <footer
        className="review__details"
      >
        <cite
          className="review__author"
        >
          name
        </cite>
        <time
          className="review__date"
          dateTime="2016-12-20"
        >
          December
        </time>
      </footer>
    </blockquote>
    <div
      className="review__rating"
    >
      0
    </div>
  </div>
</div>
`;
